[htmldemo.net/learts/learts/index.html]
[backblue.gif]
[fade.gif]
[index.html]
[htmldemo.net/learts/learts/assets/images/favicon.webp]
[htmldemo.net/learts/learts/assets/css/vendor/bootstrap.min.css]
[htmldemo.net/learts/learts/assets/css/vendor/font-awesome-pro.min.css]
[htmldemo.net/learts/learts/assets/css/vendor/themify-icons.css]
[htmldemo.net/learts/learts/assets/css/plugins/select2.min.css]
[htmldemo.net/learts/learts/assets/css/plugins/perfect-scrollbar.css]
[htmldemo.net/learts/learts/assets/css/plugins/swiper.min.css]
[htmldemo.net/learts/learts/assets/css/plugins/nice-select.css]
[htmldemo.net/learts/learts/assets/css/plugins/ion.rangeSlider.min.css]
[htmldemo.net/learts/learts/assets/css/plugins/photoswipe.css]
[htmldemo.net/learts/learts/assets/css/plugins/photoswipe-default-skin.css]
[htmldemo.net/learts/learts/assets/css/plugins/magnific-popup.css]
[htmldemo.net/learts/learts/assets/css/plugins/slick.css]
[htmldemo.net/learts/learts/assets/images/logo/logo.webp]
[htmldemo.net/learts/learts/assets/css/style.css]
[htmldemo.net/learts/learts/assets/images/demo/menu/home-01.webp]
[htmldemo.net/learts/learts/my-account.html]
[htmldemo.net/learts/learts/assets/images/demo/menu/home-02.webp]
[htmldemo.net/learts/learts/index-2.html]
[htmldemo.net/learts/learts/assets/images/demo/menu/home-03.webp]
[htmldemo.net/learts/learts/index-3.html]
[htmldemo.net/learts/learts/assets/images/demo/menu/home-04.webp]
[htmldemo.net/learts/learts/assets/images/demo/menu/home-05.webp]
[htmldemo.net/learts/learts/index-4.html]
[htmldemo.net/learts/learts/index-5.html]
[htmldemo.net/learts/learts/assets/images/demo/menu/home-06.webp]
[htmldemo.net/learts/learts/assets/images/demo/menu/home-07.webp]
[htmldemo.net/learts/learts/index-6.html]
[htmldemo.net/learts/learts/assets/images/demo/menu/home-08.webp]
[htmldemo.net/learts/learts/index-7.html]
[htmldemo.net/learts/learts/assets/images/demo/menu/home-9.webp]
[htmldemo.net/learts/learts/index-8.html]
[htmldemo.net/learts/learts/assets/images/demo/menu/home-10.webp]
[htmldemo.net/learts/learts/index-10.html]
[htmldemo.net/learts/learts/index-9.html]
[htmldemo.net/learts/learts/assets/images/demo/menu/home-11.webp]
[htmldemo.net/learts/learts/index-11.html]
[htmldemo.net/learts/learts/assets/images/banner/menu-banner-1.webp]
[htmldemo.net/learts/learts/shop.html]
[htmldemo.net/learts/learts/shop-left-sidebar.html]
[htmldemo.net/learts/learts/shop-right-sidebar.html]
[htmldemo.net/learts/learts/shop-fullwidth-no-gutters.html]
[htmldemo.net/learts/learts/shop-fullwidth.html]
[htmldemo.net/learts/learts/shop-fullwidth-left-sidebar.html]
[htmldemo.net/learts/learts/shop-fullwidth-right-sidebar.html]
[htmldemo.net/learts/learts/product-details.html]
[htmldemo.net/learts/learts/product-details-fullwidth.html]
[htmldemo.net/learts/learts/product-details-sticky.html]
[htmldemo.net/learts/learts/product-details-sidebar.html]
[htmldemo.net/learts/learts/product-details-extra-content.html]
[htmldemo.net/learts/learts/product-details-image-variation.html]
[htmldemo.net/learts/learts/product-details-group.html]
[htmldemo.net/learts/learts/product-details-360.html]
[htmldemo.net/learts/learts/shopping-cart.html]
[htmldemo.net/learts/learts/product-details-background.html]
[htmldemo.net/learts/learts/checkout.html]
[htmldemo.net/learts/learts/order-tracking.html]
[htmldemo.net/learts/learts/wishlist.html]
[htmldemo.net/learts/learts/login-register.html]
[htmldemo.net/learts/learts/assets/images/banner/menu-banner-2.webp]
[htmldemo.net/learts/learts/lost-password.html]
[htmldemo.net/learts/learts/portfolio-3-columns.html]
[htmldemo.net/learts/learts/portfolio-4-columns.html]
[htmldemo.net/learts/learts/portfolio-5-columns.html]
[htmldemo.net/learts/learts/portfolio-details.html]
[htmldemo.net/learts/learts/elements-products.html]
[htmldemo.net/learts/learts/elements-product-sale-banner.html]
[htmldemo.net/learts/learts/elements-products-tabs.html]
[htmldemo.net/learts/learts/elements-category-banner.html]
[htmldemo.net/learts/learts/elements-team.html]
[htmldemo.net/learts/learts/elements-testimonials.html]
[htmldemo.net/learts/learts/elements-gallery.html]
[htmldemo.net/learts/learts/elements-map.html]
[htmldemo.net/learts/learts/elements-icon-box.html]
[htmldemo.net/learts/learts/elements-buttons.html]
[htmldemo.net/learts/learts/elements-faq.html]
[htmldemo.net/learts/learts/elements-brands.html]
[htmldemo.net/learts/learts/blog-left-sidebar.html]
[htmldemo.net/learts/learts/blog-right-sidebar.html]
[htmldemo.net/learts/learts/blog-fullwidth.html]
[htmldemo.net/learts/learts/blog-grid-right-sidebar.html]
[htmldemo.net/learts/learts/blog-grid-left-sidebar.html]
[htmldemo.net/learts/learts/blog-grid-fullwidth.html]
[htmldemo.net/learts/learts/blog-list-right-sidebar.html]
[htmldemo.net/learts/learts/blog-list-fullwidth.html]
[htmldemo.net/learts/learts/blog-list-left-sidebar.html]
[htmldemo.net/learts/learts/blog-masonry-right-sidebar.html]
[htmldemo.net/learts/learts/blog-masonry-left-sidebar.html]
[htmldemo.net/learts/learts/blog-masonry-fullwidth.html]
[htmldemo.net/learts/learts/blog-details-right-sidebar.html]
[htmldemo.net/learts/learts/blog-details-left-sidebar.html]
[htmldemo.net/learts/learts/blog-details-fullwidth.html]
[htmldemo.net/learts/learts/about-us.html]
[htmldemo.net/learts/learts/about-us-2.html]
[htmldemo.net/learts/learts/contact-us.html]
[htmldemo.net/learts/learts/coming-soon.html]
[htmldemo.net/learts/learts/404.html]
[htmldemo.net/learts/learts/assets/images/logo/logo-2.webp]
[htmldemo.net/learts/learts/assets/images/product/cart-product-1.webp]
[htmldemo.net/learts/learts/assets/images/product/cart-product-2.webp]
[htmldemo.net/learts/learts/assets/images/product/cart-product-3.webp]
[htmldemo.net/learts/learts/assets/images/slider/home1/slide-1-1.webp]
[htmldemo.net/learts/learts/assets/images/slider/home1/slide-2-2.webp]
[htmldemo.net/learts/learts/assets/images/slider/home1/slide-2-3.webp]
[htmldemo.net/learts/learts/assets/images/banner/sale/sale-banner1-1.1.webp]
[htmldemo.net/learts/learts/assets/images/banner/sale/sale-banner2-1.webp]
[htmldemo.net/learts/learts/assets/images/banner/category/banner-s1-1.webp]
[htmldemo.net/learts/learts/assets/images/banner/category/banner-s1-2.webp]
[htmldemo.net/learts/learts/assets/images/banner/category/banner-s1-3.webp]
[htmldemo.net/learts/learts/assets/images/banner/category/banner-s1-4.webp]
[htmldemo.net/learts/learts/assets/images/banner/category/banner-s1-5.webp]
[htmldemo.net/learts/learts/assets/images/product/s328/product-1.webp]
[htmldemo.net/learts/learts/assets/images/product/s328/product-1-hover.webp]
[htmldemo.net/learts/learts/assets/images/product/s328/product-2.webp]
[htmldemo.net/learts/learts/assets/images/product/s328/product-2-hover.webp]
[htmldemo.net/learts/learts/assets/images/product/s328/product-3.webp]
[htmldemo.net/learts/learts/assets/images/product/s328/product-3-hover.webp]
[htmldemo.net/learts/learts/assets/images/product/s328/product-4.webp]
[htmldemo.net/learts/learts/assets/images/product/s328/product-4-hover.webp]
[htmldemo.net/learts/learts/assets/images/product/s328/product-5.webp]
[htmldemo.net/learts/learts/assets/images/product/s328/product-5-hover.webp]
[htmldemo.net/learts/learts/assets/images/product/s328/product-6.webp]
[htmldemo.net/learts/learts/assets/images/product/s328/product-6-hover.webp]
[htmldemo.net/learts/learts/assets/images/product/s328/product-7.webp]
[htmldemo.net/learts/learts/assets/images/product/s328/product-7-hover.webp]
[htmldemo.net/learts/learts/assets/images/product/s328/product-8.webp]
[htmldemo.net/learts/learts/assets/images/product/s328/product-8-hover.webp]
[htmldemo.net/learts/learts/assets/images/product/s328/product-9.webp]
[htmldemo.net/learts/learts/assets/images/product/s328/product-9-hover.webp]
[htmldemo.net/learts/learts/assets/images/product/s328/product-10.webp]
[htmldemo.net/learts/learts/assets/images/product/s328/product-10-hover.webp]
[htmldemo.net/learts/learts/assets/images/product/s328/product-11.webp]
[htmldemo.net/learts/learts/assets/images/product/s328/product-11-hover.webp]
[htmldemo.net/learts/learts/assets/images/product/s328/product-12.webp]
[htmldemo.net/learts/learts/assets/images/product/s328/product-12-hover.webp]
[htmldemo.net/learts/learts/assets/images/product/s328/product-13.webp]
[htmldemo.net/learts/learts/assets/images/product/s328/product-13-hover.webp]
[htmldemo.net/learts/learts/assets/images/product/s328/product-14.webp]
[htmldemo.net/learts/learts/assets/images/product/s328/product-14-hover.webp]
[htmldemo.net/learts/learts/assets/images/product/s328/product-15.webp]
[htmldemo.net/learts/learts/assets/images/product/s328/product-15-hover.webp]
[htmldemo.net/learts/learts/assets/images/product/single/1/product-1.webp]
[htmldemo.net/learts/learts/assets/images/product/single/1/product-2.webp]
[htmldemo.net/learts/learts/assets/images/product/single/1/product-3.webp]
[htmldemo.net/learts/learts/assets/images/product/single/1/product-4.webp]
[htmldemo.net/learts/learts/assets/images/brands/brand-3.webp]
[htmldemo.net/learts/learts/assets/images/brands/brand-8.webp]
[htmldemo.net/learts/learts/assets/js/vendor/modernizr-3.6.0.min.js]
[htmldemo.net/learts/learts/assets/js/vendor/jquery-3.4.1.min.js]
[htmldemo.net/learts/learts/assets/js/vendor/jquery-migrate-3.1.0.min.js]
[htmldemo.net/learts/learts/assets/js/plugins/select2.min.js]
[htmldemo.net/learts/learts/assets/js/vendor/bootstrap.bundle.min.js]
[htmldemo.net/learts/learts/assets/js/plugins/jquery.nice-select.min.js]
[htmldemo.net/learts/learts/assets/js/plugins/perfect-scrollbar.min.js]
[htmldemo.net/learts/learts/assets/js/plugins/swiper.min.js]
[htmldemo.net/learts/learts/assets/js/plugins/slick.min.js]
[htmldemo.net/learts/learts/assets/js/plugins/jquery.ajaxchimp.min.js]
[htmldemo.net/learts/learts/assets/js/plugins/mo.min.js]
[htmldemo.net/learts/learts/assets/js/plugins/jquery.countdown.min.js]
[htmldemo.net/learts/learts/assets/js/plugins/imagesloaded.pkgd.min.js]
[htmldemo.net/learts/learts/assets/js/plugins/isotope.pkgd.min.js]
[htmldemo.net/learts/learts/assets/js/plugins/jquery.matchHeight-min.js]
[htmldemo.net/learts/learts/assets/js/plugins/ion.rangeSlider.min.js]
[htmldemo.net/learts/learts/assets/js/plugins/photoswipe.min.js]
[htmldemo.net/learts/learts/assets/js/plugins/photoswipe-ui-default.min.js]
[htmldemo.net/learts/learts/assets/js/plugins/jquery.zoom.min.js]
[htmldemo.net/learts/learts/assets/js/plugins/ResizeSensor.js]
[htmldemo.net/learts/learts/assets/js/plugins/jquery.sticky-sidebar.min.js]
[htmldemo.net/learts/learts/assets/js/plugins/product360.js]
[htmldemo.net/learts/learts/assets/js/plugins/jquery.magnific-popup.min.js]
[htmldemo.net/learts/learts/assets/js/plugins/jquery.scrollUp.min.js]
[htmldemo.net/learts/learts/assets/js/plugins/scrollax.min.js]
[htmldemo.net/learts/learts/assets/js/plugins/instafeed.min.js]
[htmldemo.net/learts/learts/index.html]
[htmldemo.net/learts/learts/assets/css/vendor/bootstrap.min.css]
[htmldemo.net/learts/learts/assets/js/main.js]
[htmldemo.net/learts/learts/assets/fonts/fontAwesomePro/fa-brands-400.eot]
[htmldemo.net/learts/learts/assets/fonts/fontAwesomePro/fa-brands-400.woff2]
[htmldemo.net/learts/learts/assets/fonts/fontAwesomePro/fa-brands-400d41d.eot]
[htmldemo.net/learts/learts/assets/fonts/fontAwesomePro/fa-brands-400.woff]
[htmldemo.net/learts/learts/assets/fonts/fontAwesomePro/fa-brands-400.ttf]
[htmldemo.net/learts/learts/assets/fonts/fontAwesomePro/fa-brands-400.svg]
[htmldemo.net/learts/learts/assets/fonts/fontAwesomePro/fa-duotone-900.eot]
[htmldemo.net/learts/learts/assets/fonts/fontAwesomePro/fa-duotone-900d41d.eot]
[htmldemo.net/learts/learts/assets/fonts/fontAwesomePro/fa-duotone-900.woff2]
[htmldemo.net/learts/learts/assets/fonts/fontAwesomePro/fa-duotone-900.woff]
[htmldemo.net/learts/learts/assets/fonts/fontAwesomePro/fa-duotone-900.ttf]
[htmldemo.net/learts/learts/assets/fonts/fontAwesomePro/fa-duotone-900.svg]
[htmldemo.net/learts/learts/assets/fonts/fontAwesomePro/fa-light-300.woff2]
[htmldemo.net/learts/learts/assets/fonts/fontAwesomePro/fa-light-300.eot]
[htmldemo.net/learts/learts/assets/fonts/fontAwesomePro/fa-light-300d41d.eot]
[htmldemo.net/learts/learts/assets/fonts/fontAwesomePro/fa-light-300.woff]
[htmldemo.net/learts/learts/assets/fonts/fontAwesomePro/fa-light-300.ttf]
[htmldemo.net/learts/learts/assets/fonts/fontAwesomePro/fa-regular-400.woff2]
[htmldemo.net/learts/learts/assets/fonts/fontAwesomePro/fa-regular-400.eot]
[htmldemo.net/learts/learts/assets/fonts/fontAwesomePro/fa-light-300.svg]
[htmldemo.net/learts/learts/assets/fonts/fontAwesomePro/fa-regular-400.woff]
[htmldemo.net/learts/learts/assets/fonts/fontAwesomePro/fa-regular-400d41d.eot]
[htmldemo.net/learts/learts/assets/fonts/fontAwesomePro/fa-regular-400.ttf]
[htmldemo.net/learts/learts/assets/fonts/fontAwesomePro/fa-regular-400.svg]
[htmldemo.net/learts/learts/assets/fonts/fontAwesomePro/fa-solid-900.woff2]
[htmldemo.net/learts/learts/assets/fonts/fontAwesomePro/fa-solid-900.eot]
[htmldemo.net/learts/learts/assets/fonts/fontAwesomePro/fa-solid-900.woff]
[htmldemo.net/learts/learts/assets/fonts/fontAwesomePro/fa-solid-900d41d.eot]
[htmldemo.net/learts/learts/assets/fonts/fontAwesomePro/fa-solid-900.ttf]
[htmldemo.net/learts/learts/assets/css/vendor/font-awesome-pro.min.css]
[htmldemo.net/learts/learts/assets/fonts/themify/themify9f24.eot]
[htmldemo.net/learts/learts/assets/fonts/fontAwesomePro/fa-solid-900.svg]
[htmldemo.net/learts/learts/assets/fonts/themify/themify9f24.woff]
[htmldemo.net/learts/learts/assets/fonts/themify/themifyd41d.eot]
[htmldemo.net/learts/learts/assets/fonts/themify/themify9f24.ttf]
[htmldemo.net/learts/learts/assets/css/vendor/themify-icons.css]
[htmldemo.net/learts/learts/assets/css/plugins/select2.min.css]
[htmldemo.net/learts/learts/assets/css/plugins/perfect-scrollbar.css]
[htmldemo.net/learts/learts/assets/css/plugins/swiper.min.css]
[htmldemo.net/learts/learts/assets/css/plugins/nice-select.css]
[htmldemo.net/learts/learts/assets/css/plugins/ion.rangeSlider.min.css]
[htmldemo.net/learts/learts/assets/css/plugins/photoswipe.css]
[htmldemo.net/learts/learts/assets/images/photoswipe/default-skin.webp]
[htmldemo.net/learts/learts/assets/fonts/themify/themify9f24.svg]
[htmldemo.net/learts/learts/assets/images/photoswipe/default-skin.svg]
[htmldemo.net/learts/learts/assets/images/photoswipe/preloader.gif]
[htmldemo.net/learts/learts/assets/css/plugins/photoswipe-default-skin.css]
[htmldemo.net/learts/learts/assets/css/plugins/magnific-popup.css]
[htmldemo.net/learts/learts/assets/css/plugins/slick.css]
[htmldemo.net/learts/learts/assets/images/product/single/7/frame-total.webp]
[htmldemo.net/learts/learts/assets/images/icons/cd-arrows.svg]
[htmldemo.net/learts/learts/assets/images/slider/home1/slide-3-3.webp]
[htmldemo.net/learts/learts/assets/images/title/title-decor-left.webp]
[htmldemo.net/learts/learts/assets/images/title/title-decor-right.webp]
[htmldemo.net/learts/learts/assets/images/slider/home7/slide2-title-1.webp]
[htmldemo.net/learts/learts/assets/images/slider/home7/slide2-title-2.webp]
[htmldemo.net/learts/learts/assets/images/banner/sale/sale-banner9-1.1.webp]
[htmldemo.net/learts/learts/assets/images/others/tab-hover.webp]
[htmldemo.net/learts/learts/assets/images/others/tab-hover-2.webp]
[htmldemo.net/learts/learts/assets/css/style.css]
[htmldemo.net/learts/learts/my-account.html]
[htmldemo.net/learts/learts/assets/images/slider/home2/slider-1-1.webp]
[htmldemo.net/learts/learts/assets/images/slider/home2/slider-1-2.webp]
[htmldemo.net/learts/learts/assets/images/slider/home2/slider-2-1.webp]
[htmldemo.net/learts/learts/assets/images/slider/home2/slider-2-2.webp]
[htmldemo.net/learts/learts/assets/images/slider/home2/slider-2-3.webp]
[htmldemo.net/learts/learts/assets/images/slider/home2/slider-3-1.webp]
[htmldemo.net/learts/learts/assets/images/slider/home2/slider-3-2.webp]
[htmldemo.net/learts/learts/assets/images/slider/home2/slider-3-3.webp]
[htmldemo.net/learts/learts/assets/images/logo/logo-3.webp]
[htmldemo.net/learts/learts/assets/images/banner/category/banner-s2-1.webp]
[htmldemo.net/learts/learts/assets/images/banner/category/banner-s2-2.webp]
[htmldemo.net/learts/learts/assets/images/banner/category/banner-s2-3.webp]
[htmldemo.net/learts/learts/assets/images/banner/category/banner-s2-4.webp]
[htmldemo.net/learts/learts/index-2.html]
[htmldemo.net/learts/learts/assets/images/banner/sale/sale-banner3-1.webp]
[htmldemo.net/learts/learts/assets/images/banner/category/banner-s2-7.webp]
[htmldemo.net/learts/learts/assets/images/banner/category/banner-s2-8.webp]
[htmldemo.net/learts/learts/assets/images/banner/instagram-1.webp]
[htmldemo.net/learts/learts/assets/images/banner/category/banner-s2-9.webp]
[htmldemo.net/learts/learts/assets/images/product/deal-product-1.webp]
[htmldemo.net/learts/learts/assets/images/banner/category/banner-s5-1.webp]
[htmldemo.net/learts/learts/assets/images/banner/category/banner-s5-2.webp]
[htmldemo.net/learts/learts/assets/images/banner/category/banner-s5-3.webp]
[htmldemo.net/learts/learts/assets/images/banner/category/banner-s5-4.webp]
[htmldemo.net/learts/learts/assets/images/banner/category/banner-s5-5.webp]
[htmldemo.net/learts/learts/assets/images/brands/brand-7.webp]
[htmldemo.net/learts/learts/assets/images/brands/brand-1.webp]
[htmldemo.net/learts/learts/assets/images/brands/brand-2.webp]
[htmldemo.net/learts/learts/assets/images/brands/brand-4.webp]
[htmldemo.net/learts/learts/assets/images/brands/brand-5.webp]
[htmldemo.net/learts/learts/assets/images/brands/brand-6.webp]
[htmldemo.net/learts/learts/assets/images/blog/s370/blog-1.webp]
[htmldemo.net/learts/learts/assets/images/blog/s370/blog-2.webp]
[htmldemo.net/learts/learts/assets/images/blog/s370/blog-3.webp]
[htmldemo.net/learts/learts/assets/images/blog/s370/blog-4.webp]
[htmldemo.net/learts/learts/assets/images/others/android.webp]
[htmldemo.net/learts/learts/assets/images/others/ios.webp]
[htmldemo.net/learts/learts/assets/images/others/pay.webp]
[htmldemo.net/learts/learts/index-3.html]
[htmldemo.net/learts/learts/assets/images/slider/home4/slide-1.webp]
[htmldemo.net/learts/learts/assets/images/slider/home4/slide-2.webp]
[htmldemo.net/learts/learts/assets/images/slider/home4/slide-3.webp]
[htmldemo.net/learts/learts/assets/images/banner/category/banner-s4-1.webp]
[htmldemo.net/learts/learts/assets/images/banner/category/banner-s4-2.webp]
[htmldemo.net/learts/learts/assets/images/banner/category/banner-s4-3.webp]
[htmldemo.net/learts/learts/assets/images/banner/category/banner-s4-4.webp]
[htmldemo.net/learts/learts/assets/images/product/s270/product-1.webp]
[htmldemo.net/learts/learts/assets/images/product/s270/product-1-hover.webp]
[htmldemo.net/learts/learts/assets/images/product/s270/product-2.webp]
[htmldemo.net/learts/learts/assets/images/product/s270/product-2-hover.webp]
[htmldemo.net/learts/learts/assets/images/product/s270/product-3.webp]
[htmldemo.net/learts/learts/assets/images/product/s270/product-3-hover.webp]
[htmldemo.net/learts/learts/assets/images/product/s270/product-4.webp]
[htmldemo.net/learts/learts/assets/images/product/s270/product-4-hover.webp]
[htmldemo.net/learts/learts/assets/images/product/s270/product-5.webp]
[htmldemo.net/learts/learts/assets/images/product/s270/product-5-hover.webp]
[htmldemo.net/learts/learts/assets/images/product/s270/product-6.webp]
[htmldemo.net/learts/learts/assets/images/product/s270/product-6-hover.webp]
[htmldemo.net/learts/learts/assets/images/product/s270/product-7.webp]
[htmldemo.net/learts/learts/assets/images/product/s270/product-7-hover.webp]
[htmldemo.net/learts/learts/assets/images/product/s270/product-8.webp]
[htmldemo.net/learts/learts/assets/images/product/s270/product-8-hover.webp]
[htmldemo.net/learts/learts/assets/images/product/s270/product-9.webp]
[htmldemo.net/learts/learts/assets/images/product/s270/product-9-hover.webp]
[htmldemo.net/learts/learts/assets/images/product/s270/product-10.webp]
[htmldemo.net/learts/learts/assets/images/product/s270/product-10-hover.webp]
[htmldemo.net/learts/learts/assets/images/team/team-1.webp]
[htmldemo.net/learts/learts/assets/images/icons/quote.webp]
[htmldemo.net/learts/learts/assets/images/team/team-2.webp]
[htmldemo.net/learts/learts/assets/images/team/team-3.webp]
[htmldemo.net/learts/learts/assets/images/testimonial/testimonial-1.webp]
[htmldemo.net/learts/learts/assets/images/testimonial/testimonial-2.webp]
[htmldemo.net/learts/learts/assets/images/testimonial/testimonial-3.webp]
[htmldemo.net/learts/learts/assets/images/testimonial/testimonial-4.webp]
[htmldemo.net/learts/learts/index-4.html]
[htmldemo.net/learts/learts/assets/images/slider/home5/slide1-1.webp]
[htmldemo.net/learts/learts/assets/images/slider/home5/slide1-2.webp]
[htmldemo.net/learts/learts/assets/images/slider/home5/slide2-1.webp]
[htmldemo.net/learts/learts/assets/images/slider/home5/slide3-1.webp]
[htmldemo.net/learts/learts/assets/images/banner/sale/sale-banner7-1.webp]
[htmldemo.net/learts/learts/assets/images/product/s328/product-16.webp]
[htmldemo.net/learts/learts/assets/images/product/s328/product-16-hover.webp]
[htmldemo.net/learts/learts/assets/images/banner/sale/sale-banner7-2.webp]
[htmldemo.net/learts/learts/assets/images/banner/sale/sale-banner7-3.webp]
[htmldemo.net/learts/learts/assets/images/product/s328/product-18.webp]
[htmldemo.net/learts/learts/assets/images/product/s328/product-18-hover.webp]
[htmldemo.net/learts/learts/assets/images/logo/logo-4.webp]
[htmldemo.net/learts/learts/index-5.html]
[htmldemo.net/learts/learts/assets/images/icons/cat-icon-1.webp]
[htmldemo.net/learts/learts/assets/images/icons/cat-icon-2.webp]
[htmldemo.net/learts/learts/assets/images/icons/cat-icon-3.webp]
[htmldemo.net/learts/learts/assets/images/icons/cat-icon-4.webp]
[htmldemo.net/learts/learts/assets/images/icons/cat-icon-5.webp]
[htmldemo.net/learts/learts/assets/images/icons/cat-icon-6.webp]
[htmldemo.net/learts/learts/assets/images/icons/cat-icon-7.webp]
[htmldemo.net/learts/learts/assets/images/icons/cat-icon-8.webp]
[htmldemo.net/learts/learts/assets/images/icons/cat-icon-9.webp]
[htmldemo.net/learts/learts/assets/images/icons/cat-icon-10.webp]
[htmldemo.net/learts/learts/assets/images/product/s270/product-19.webp]
[htmldemo.net/learts/learts/assets/images/product/s270/product-20.webp]
[htmldemo.net/learts/learts/assets/images/product/s270/product-21.webp]
[htmldemo.net/learts/learts/assets/images/product/s270/product-22.webp]
[htmldemo.net/learts/learts/assets/images/product/s270/product-23.webp]
[htmldemo.net/learts/learts/assets/images/product/s270/product-23-hover.webp]
[htmldemo.net/learts/learts/assets/images/product/s270/product-24.webp]
[htmldemo.net/learts/learts/assets/images/product/s270/product-24-hover.webp]
[htmldemo.net/learts/learts/assets/images/product/s270/product-16.webp]
[htmldemo.net/learts/learts/assets/images/product/s270/product-16-hover.webp]
[htmldemo.net/learts/learts/assets/images/banner/sale/sale-banner8-1.webp]
[htmldemo.net/learts/learts/assets/images/banner/sale/sale-banner8-2.webp]
[htmldemo.net/learts/learts/assets/images/product/deal-product-2.webp]
[htmldemo.net/learts/learts/assets/images/product/list-product-1.webp]
[htmldemo.net/learts/learts/assets/images/product/list-product-2.webp]
[htmldemo.net/learts/learts/assets/images/product/list-product-3.webp]
[htmldemo.net/learts/learts/assets/images/product/list-product-4.webp]
[htmldemo.net/learts/learts/assets/images/product/list-product-5.webp]
[htmldemo.net/learts/learts/assets/images/product/list-product-6.webp]
[htmldemo.net/learts/learts/assets/images/product/list-product-7.webp]
[htmldemo.net/learts/learts/assets/images/product/list-product-8.webp]
[htmldemo.net/learts/learts/assets/images/product/list-product-9.webp]
[htmldemo.net/learts/learts/assets/images/product/list-product-10.webp]
[htmldemo.net/learts/learts/assets/images/product/list-product-11.webp]
[htmldemo.net/learts/learts/assets/images/product/list-product-12.webp]
[htmldemo.net/learts/learts/assets/images/product/list-product-13.webp]
[htmldemo.net/learts/learts/index-6.html]
[htmldemo.net/learts/learts/assets/images/slider/home7/slide1-1.webp]
[htmldemo.net/learts/learts/assets/images/about/about-1.webp]
[htmldemo.net/learts/learts/assets/images/about/about-2.webp]
[htmldemo.net/learts/learts/assets/images/banner/sale/sale-banner7-4.webp]
[htmldemo.net/learts/learts/assets/images/banner/sale/sale-banner7-5.webp]
[htmldemo.net/learts/learts/assets/images/banner/sale/sale-banner7-6.webp]
[htmldemo.net/learts/learts/assets/images/banner/sale/sale-banner7-7.webp]
[htmldemo.net/learts/learts/assets/images/banner/sale/sale-banner7-8.webp]
[htmldemo.net/learts/learts/assets/images/icons/button-play.webp]
[htmldemo.net/learts/learts/assets/images/about/about-3.webp]
[htmldemo.net/learts/learts/assets/images/about/about-4.webp]
[htmldemo.net/learts/learts/index-7.html]
[htmldemo.net/learts/learts/assets/images/slider/home8/slide-1.webp]
[htmldemo.net/learts/learts/assets/images/slider/home8/slide-2.webp]
[htmldemo.net/learts/learts/assets/images/slider/home8/slide-3.webp]
[htmldemo.net/learts/learts/assets/images/product/s270/product-25.webp]
[htmldemo.net/learts/learts/assets/images/product/s270/product-25-hover.webp]
[htmldemo.net/learts/learts/assets/images/banner/sale/sale-banner9-1.webp]
[htmldemo.net/learts/learts/assets/images/product/s328/product-26.webp]
[htmldemo.net/learts/learts/assets/images/product/s328/product-27.webp]
[htmldemo.net/learts/learts/assets/images/product/s328/product-27-hover.webp]
[htmldemo.net/learts/learts/assets/images/product/s328/product-28.webp]
[htmldemo.net/learts/learts/assets/images/product/s328/product-28-hover.webp]
[htmldemo.net/learts/learts/assets/images/product/s328/product-29.webp]
[htmldemo.net/learts/learts/assets/images/product/s328/product-29-hover.webp]
[htmldemo.net/learts/learts/index-8.html]
[htmldemo.net/learts/learts/assets/images/banner/parallax/parallax-1.webp]
[htmldemo.net/learts/learts/assets/images/banner/parallax/parallax-2.webp]
[htmldemo.net/learts/learts/assets/images/banner/parallax/parallax-2-1.webp]
[htmldemo.net/learts/learts/assets/images/banner/parallax/parallax-3.webp]
[htmldemo.net/learts/learts/assets/images/banner/parallax/parallax-3-1.webp]
[htmldemo.net/learts/learts/assets/images/banner/parallax/parallax-4.webp]
[htmldemo.net/learts/learts/index-9.html]
[htmldemo.net/learts/learts/assets/images/banner/sale/sale-banner4-1.webp]
[htmldemo.net/learts/learts/assets/images/banner/sale/sale-banner4-1.1.webp]
[htmldemo.net/learts/learts/assets/images/banner/sale/sale-banner5-1.webp]
[htmldemo.net/learts/learts/assets/images/banner/sale/sale-banner6-1.webp]
[htmldemo.net/learts/learts/assets/images/banner/sale/sale-banner6-1.1.webp]
[htmldemo.net/learts/learts/assets/images/banner/sale/sale-banner9-2.webp]
[htmldemo.net/learts/learts/assets/images/banner/sale/sale-banner10-1.webp]
[htmldemo.net/learts/learts/index-10.html]
[htmldemo.net/learts/learts/assets/images/logo/logo-4-big.webp]
[htmldemo.net/learts/learts/assets/images/slider/home12/slide-2.1.webp]
[htmldemo.net/learts/learts/assets/images/banner/sale/sale-banner11-1.webp]
[htmldemo.net/learts/learts/assets/images/banner/sale/sale-banner11-2.webp]
[htmldemo.net/learts/learts/assets/images/banner/sale/sale-banner9-1.2.webp]
[htmldemo.net/learts/learts/assets/images/blog/s370/blog-7.webp]
[htmldemo.net/learts/learts/assets/images/blog/s370/blog-9.webp]
[htmldemo.net/learts/learts/index-11.html]
[htmldemo.net/learts/learts/assets/images/product/s328/product-17.webp]
[htmldemo.net/learts/learts/assets/images/product/s328/product-17-hover.webp]
[htmldemo.net/learts/learts/assets/images/product/s328/product-30.webp]
[htmldemo.net/learts/learts/assets/images/product/s328/product-30-hover.webp]
[htmldemo.net/learts/learts/assets/images/product/s328/product-25.webp]
[htmldemo.net/learts/learts/assets/images/product/s328/product-25-hover.webp]
[htmldemo.net/learts/learts/assets/images/product/s328/product-31.webp]
[htmldemo.net/learts/learts/assets/images/product/s328/product-32.webp]
[htmldemo.net/learts/learts/assets/images/product/s328/product-32-hover.webp]
[htmldemo.net/learts/learts/assets/images/product/s328/product-19.webp]
[htmldemo.net/learts/learts/shop.html]
[htmldemo.net/learts/learts/assets/images/product/widget-1.webp]
[htmldemo.net/learts/learts/assets/images/product/widget-2.webp]
[htmldemo.net/learts/learts/assets/images/product/widget-3.webp]
[htmldemo.net/learts/learts/shop-left-sidebar.html]
[htmldemo.net/learts/learts/shop-right-sidebar.html]
[htmldemo.net/learts/learts/shop-fullwidth-no-gutters.html]
[htmldemo.net/learts/learts/shop-fullwidth.html]
[htmldemo.net/learts/learts/shop-fullwidth-left-sidebar.html]
[htmldemo.net/learts/learts/shop-fullwidth-right-sidebar.html]
[htmldemo.net/learts/learts/assets/images/product/single/1/product-thumb-1.webp]
[htmldemo.net/learts/learts/assets/images/product/single/1/product-thumb-2.webp]
[htmldemo.net/learts/learts/assets/images/product/single/1/product-thumb-3.webp]
[htmldemo.net/learts/learts/assets/images/product/single/1/product-thumb-4.webp]
[htmldemo.net/learts/learts/assets/images/review/review-1.webp]
[htmldemo.net/learts/learts/assets/images/review/review-2.webp]
[htmldemo.net/learts/learts/assets/images/review/review-3.webp]
[htmldemo.net/learts/learts/product-details.html]
[htmldemo.net/learts/learts/assets/images/product/single/2/product-1.webp]
[htmldemo.net/learts/learts/assets/images/product/single/2/product-2.webp]
[htmldemo.net/learts/learts/assets/images/product/single/2/product-3.webp]
[htmldemo.net/learts/learts/assets/images/product/single/2/product-4.webp]
[htmldemo.net/learts/learts/assets/images/product/single/2/product-5.webp]
[htmldemo.net/learts/learts/assets/images/product/single/2/product-thumb-1.webp]
[htmldemo.net/learts/learts/assets/images/product/single/2/product-thumb-2.webp]
[htmldemo.net/learts/learts/assets/images/product/single/2/product-thumb-3.webp]
[htmldemo.net/learts/learts/assets/images/product/single/2/product-thumb-4.webp]
[htmldemo.net/learts/learts/assets/images/product/single/2/product-thumb-5.webp]
[htmldemo.net/learts/learts/product-details-fullwidth.html]
[htmldemo.net/learts/learts/assets/images/product/single/3/product-1.webp]
[htmldemo.net/learts/learts/assets/images/product/single/3/product-2.webp]
[htmldemo.net/learts/learts/assets/images/product/single/3/product-3.webp]
[htmldemo.net/learts/learts/assets/images/product/single/3/product-4.webp]
[htmldemo.net/learts/learts/product-details-sticky.html]
[htmldemo.net/learts/learts/assets/images/product/single/4/product-1.webp]
[htmldemo.net/learts/learts/assets/images/product/single/4/product-2.webp]
[htmldemo.net/learts/learts/assets/images/product/single/4/product-3.webp]
[htmldemo.net/learts/learts/assets/images/product/single/4/product-thumb-1.webp]
[htmldemo.net/learts/learts/assets/images/product/single/4/product-thumb-2.webp]
[htmldemo.net/learts/learts/assets/images/product/single/4/product-thumb-3.webp]
[htmldemo.net/learts/learts/product-details-sidebar.html]
[htmldemo.net/learts/learts/assets/images/product/single/3/product-thumb-1.webp]
[htmldemo.net/learts/learts/assets/images/product/single/3/product-thumb-2.webp]
[htmldemo.net/learts/learts/assets/images/product/single/3/product-thumb-3.webp]
[htmldemo.net/learts/learts/assets/images/product/single/3/product-thumb-4.webp]
[htmldemo.net/learts/learts/assets/images/product/single/3/banner/banner-1.webp]
[htmldemo.net/learts/learts/assets/images/product/single/3/banner/banner-2.webp]
[htmldemo.net/learts/learts/assets/images/product/single/3/banner/banner-3.webp]
[htmldemo.net/learts/learts/assets/images/product/single/3/banner/banner-4.webp]
[htmldemo.net/learts/learts/assets/images/product/single/3/banner/banner-5.webp]
[htmldemo.net/learts/learts/product-details-extra-content.html]
[htmldemo.net/learts/learts/assets/images/product/single/5/product-1.webp]
[htmldemo.net/learts/learts/assets/images/product/single/5/product-2.webp]
[htmldemo.net/learts/learts/assets/images/product/single/5/product-3.webp]
[htmldemo.net/learts/learts/assets/images/product/single/5/product-4.webp]
[htmldemo.net/learts/learts/assets/images/product/single/5/product-thumb-1.webp]
[htmldemo.net/learts/learts/assets/images/product/single/5/product-thumb-2.webp]
[htmldemo.net/learts/learts/assets/images/product/single/5/product-thumb-3.webp]
[htmldemo.net/learts/learts/assets/images/product/single/5/product-thumb-4.webp]
[htmldemo.net/learts/learts/product-details-image-variation.html]
[htmldemo.net/learts/learts/assets/images/product/single/6/product-1.webp]
[htmldemo.net/learts/learts/assets/images/product/single/6/product-2.webp]
[htmldemo.net/learts/learts/assets/images/product/single/6/product-3.webp]
[htmldemo.net/learts/learts/assets/images/product/single/6/product-thumb-1.webp]
[htmldemo.net/learts/learts/assets/images/product/single/6/product-thumb-2.webp]
[htmldemo.net/learts/learts/assets/images/product/single/6/product-thumb-3.webp]
[htmldemo.net/learts/learts/assets/images/product/single/6/group-product-1.webp]
[htmldemo.net/learts/learts/assets/images/product/single/6/group-product-2.webp]
[htmldemo.net/learts/learts/assets/images/product/single/6/group-product-3.webp]
[htmldemo.net/learts/learts/product-details-group.html]
[htmldemo.net/learts/learts/assets/images/icons/360.webp]
[htmldemo.net/learts/learts/assets/images/product/single/7/product-1.webp]
[htmldemo.net/learts/learts/assets/images/product/single/7/product-2.webp]
[htmldemo.net/learts/learts/assets/images/product/single/7/product-3.webp]
[htmldemo.net/learts/learts/assets/images/product/single/7/product-thumb-1.webp]
[htmldemo.net/learts/learts/assets/images/product/single/7/product-thumb-2.webp]
[htmldemo.net/learts/learts/assets/images/product/single/7/product-thumb-3.webp]
[htmldemo.net/learts/learts/assets/images/product/single/7/frame-review.webp]
[htmldemo.net/learts/learts/product-details-360.html]
[htmldemo.net/learts/learts/assets/images/product/single/8/product-1.webp]
[htmldemo.net/learts/learts/product-details-background.html]
[htmldemo.net/learts/learts/shopping-cart.html]
[htmldemo.net/learts/learts/assets/images/others/pay-2.webp]
[htmldemo.net/learts/learts/checkout.html]
[htmldemo.net/learts/learts/order-tracking.html]
[htmldemo.net/learts/learts/wishlist.html]
[htmldemo.net/learts/learts/login-register.html]
[htmldemo.net/learts/learts/lost-password.html]
[htmldemo.net/learts/learts/assets/images/portfolio/portfolio-1.webp]
[htmldemo.net/learts/learts/assets/images/portfolio/portfolio-2.webp]
[htmldemo.net/learts/learts/assets/images/portfolio/portfolio-3.webp]
[htmldemo.net/learts/learts/assets/images/portfolio/portfolio-4.webp]
[htmldemo.net/learts/learts/assets/images/portfolio/portfolio-5.webp]
[htmldemo.net/learts/learts/assets/images/portfolio/portfolio-6.webp]
[htmldemo.net/learts/learts/portfolio-3-columns.html]
[htmldemo.net/learts/learts/portfolio-4-columns.html]
[htmldemo.net/learts/learts/portfolio-5-columns.html]
[htmldemo.net/learts/learts/assets/images/portfolio/single/portfolio-1.webp]
[htmldemo.net/learts/learts/portfolio-details.html]
[htmldemo.net/learts/learts/elements-products.html]
[htmldemo.net/learts/learts/elements-products-tabs.html]
[htmldemo.net/learts/learts/elements-product-sale-banner.html]
[htmldemo.net/learts/learts/assets/images/banner/category/banner-s2-5.webp]
[htmldemo.net/learts/learts/assets/images/banner/category/banner-s2-6.webp]
[htmldemo.net/learts/learts/elements-category-banner.html]
[htmldemo.net/learts/learts/elements-team.html]
[htmldemo.net/learts/learts/elements-testimonials.html]
[htmldemo.net/learts/learts/elements-gallery.html]
[htmldemo.net/learts/learts/elements-map.html]
[htmldemo.net/learts/learts/elements-icon-box.html]
[htmldemo.net/learts/learts/elements-buttons.html]
[htmldemo.net/learts/learts/elements-faq.html]
[htmldemo.net/learts/learts/elements-brands.html]
[htmldemo.net/learts/learts/assets/images/blog/s870/blog-1.webp]
[htmldemo.net/learts/learts/assets/images/blog/s870/blog-2.webp]
[htmldemo.net/learts/learts/assets/images/blog/s870/blog-3.webp]
[htmldemo.net/learts/learts/assets/images/blog/s870/blog-4.webp]
[htmldemo.net/learts/learts/assets/images/blog/s870/blog-5.webp]
[htmldemo.net/learts/learts/assets/images/blog/s870/blog-6.webp]
[htmldemo.net/learts/learts/assets/images/blog/widget/widget-1.webp]
[htmldemo.net/learts/learts/assets/images/blog/widget/widget-2.webp]
[htmldemo.net/learts/learts/assets/images/blog/widget/widget-3.webp]
[htmldemo.net/learts/learts/assets/images/banner/widget-banner.webp]
[htmldemo.net/learts/learts/blog-right-sidebar.html]
[htmldemo.net/learts/learts/blog-left-sidebar.html]
[htmldemo.net/learts/learts/assets/images/blog/s1170/blog-1.webp]
[htmldemo.net/learts/learts/assets/images/blog/s1170/blog-2.webp]
[htmldemo.net/learts/learts/assets/images/blog/s1170/blog-3.webp]
[htmldemo.net/learts/learts/assets/images/blog/s1170/blog-4.webp]
[htmldemo.net/learts/learts/assets/images/blog/s1170/blog-5.webp]
[htmldemo.net/learts/learts/assets/images/blog/s1170/blog-6.webp]
[htmldemo.net/learts/learts/blog-fullwidth.html]
[htmldemo.net/learts/learts/assets/images/blog/s370/blog-5.webp]
[htmldemo.net/learts/learts/assets/images/blog/s370/blog-6.webp]
[htmldemo.net/learts/learts/blog-grid-right-sidebar.html]
[htmldemo.net/learts/learts/blog-grid-left-sidebar.html]
[htmldemo.net/learts/learts/blog-grid-fullwidth.html]
[htmldemo.net/learts/learts/assets/images/blog/s345/blog-1.webp]
[htmldemo.net/learts/learts/assets/images/blog/s345/blog-2.webp]
[htmldemo.net/learts/learts/assets/images/blog/s345/blog-3.webp]
[htmldemo.net/learts/learts/assets/images/blog/s345/blog-4.webp]
[htmldemo.net/learts/learts/assets/images/blog/s345/blog-5.webp]
[htmldemo.net/learts/learts/assets/images/blog/s345/blog-6.webp]
[htmldemo.net/learts/learts/blog-list-right-sidebar.html]
[htmldemo.net/learts/learts/blog-list-left-sidebar.html]
[htmldemo.net/learts/learts/blog-list-fullwidth.html]
[htmldemo.net/learts/learts/assets/images/blog/s420/blog-1.webp]
[htmldemo.net/learts/learts/assets/images/blog/s420/blog-2.webp]
[htmldemo.net/learts/learts/assets/images/blog/s420/blog-3.webp]
[htmldemo.net/learts/learts/assets/images/blog/s420/blog-4.webp]
[htmldemo.net/learts/learts/assets/images/blog/s420/blog-5.webp]
[htmldemo.net/learts/learts/assets/images/blog/s420/blog-6.webp]
[htmldemo.net/learts/learts/blog-masonry-right-sidebar.html]
[htmldemo.net/learts/learts/blog-masonry-left-sidebar.html]
[htmldemo.net/learts/learts/blog-masonry-fullwidth.html]
[htmldemo.net/learts/learts/assets/images/comment/comment-1.webp]
[htmldemo.net/learts/learts/assets/images/comment/comment-2.webp]
[htmldemo.net/learts/learts/assets/images/comment/comment-3.webp]
[htmldemo.net/learts/learts/assets/images/comment/comment-4.webp]
[htmldemo.net/learts/learts/blog-details-right-sidebar.html]
[htmldemo.net/learts/learts/blog-details-left-sidebar.html]
[htmldemo.net/learts/learts/blog-details-fullwidth.html]
[htmldemo.net/learts/learts/assets/images/about/about-5.webp]
[htmldemo.net/learts/learts/assets/images/icons/button-play-light.webp]
[htmldemo.net/learts/learts/about-us.html]
[htmldemo.net/learts/learts/assets/images/about/about-6.webp]
[htmldemo.net/learts/learts/assets/images/about/about-7.webp]
[htmldemo.net/learts/learts/about-us-2.html]
[htmldemo.net/learts/learts/contact-us.html]
[htmldemo.net/learts/learts/coming-soon.html]
[htmldemo.net/learts/learts/404.html]
[htmldemo.net/learts/learts/assets/fonts/fontAwesomePro/fa-brands-400.svg]
[htmldemo.net/learts/learts/assets/fonts/fontAwesomePro/fa-duotone-900.svg]
[htmldemo.net/learts/learts/assets/fonts/fontAwesomePro/fa-light-300.svg]
[htmldemo.net/learts/learts/assets/fonts/fontAwesomePro/fa-regular-400.svg]
[htmldemo.net/learts/learts/assets/fonts/fontAwesomePro/fa-solid-900.svg]
[htmldemo.net/learts/learts/assets/fonts/themify/themify9f24.svg]
[htmldemo.net/learts/learts/assets/images/photoswipe/default-skin.svg]
[htmldemo.net/learts/learts/assets/images/icons/cd-arrows.svg]
